
[2026-01-25 06:00:07] cmp=10 user=282 op=add uid=tsuchiya-yuma dn="uid=tsuchiya-yuma,ou=Users,dc=e-smile,dc=ne,dc=jp" code=20 msg=Type or value exists
[2026-01-25 06:00:20] cmp=10 user=282 op=add uid=tsuchiya-yuma dn="uid=tsuchiya-yuma,ou=Users,dc=e-smile,dc=ne,dc=jp" code=20 msg=Type or value exists
[2026-01-25 10:51:20] cmp=3 user=156 op=add uid=kurabayashi-akira dn="uid=kurabayashi-akira,ou=Users,dc=e-smile,dc=ne,dc=jp" code=20 msg=Type or value exists
[2026-01-25 10:51:20] cmp=3 user=303 op=add uid=katsu-shino dn="uid=katsu-shino,ou=Users,dc=e-smile,dc=ne,dc=jp" code=20 msg=Type or value exists
[2026-01-25 10:51:20] cmp=3 user=321 op=add uid=takebayashi-yumiko dn="uid=takebayashi-yumiko,ou=Users,dc=e-smile,dc=ne,dc=jp" code=20 msg=Type or value exists
[2026-01-25 10:51:21] cmp=3 user=329 op=add uid=yamaguchi-tomohisa dn="uid=yamaguchi-tomohisa,ou=Users,dc=e-smile,dc=ne,dc=jp" code=20 msg=Type or value exists
[2026-01-25 10:51:21] cmp=3 user=330 op=add uid=koyama-hiroki dn="uid=koyama-hiroki,ou=Users,dc=e-smile,dc=ne,dc=jp" code=20 msg=Type or value exists
[2026-01-25 10:51:21] cmp=3 user=412 op=add uid=nakajima-shin dn="uid=nakajima-shin,ou=Users,dc=e-smile,dc=ne,dc=jp" code=20 msg=Type or value exists
[2026-01-25 10:51:21] cmp=5 user=102 op=add uid=sano-yukiharu dn="uid=sano-yukiharu,ou=Users,dc=e-smile,dc=ne,dc=jp" code=20 msg=Type or value exists
[2026-01-25 10:51:21] cmp=5 user=103 op=add uid=yanagisawa-yurika dn="uid=yanagisawa-yurika,ou=Users,dc=e-smile,dc=ne,dc=jp" code=20 msg=Type or value exists
[2026-01-25 10:51:21] cmp=9 user=104 op=add uid=suzuki-daisuke dn="uid=suzuki-daisuke,ou=Users,dc=e-smile,dc=ne,dc=jp" code=20 msg=Type or value exists
[2026-01-25 10:51:22] cmp=9 user=306 op=add uid=takeda-nobutaka dn="uid=takeda-nobutaka,ou=Users,dc=e-smile,dc=ne,dc=jp" code=20 msg=Type or value exists
[2026-01-25 10:51:22] cmp=9 user=340 op=add uid=yamagishi-hiroaki dn="uid=yamagishi-hiroaki,ou=Users,dc=e-smile,dc=ne,dc=jp" code=20 msg=Type or value exists
[2026-01-25 10:51:23] cmp=9 user=556 op=add uid=fujimoto-asami dn="uid=fujimoto-asami,ou=Users,dc=e-smile,dc=ne,dc=jp" code=20 msg=Type or value exists
[2026-01-25 10:51:23] cmp=9 user=562 op=add uid=taniguchi-kazuki dn="uid=taniguchi-kazuki,ou=Users,dc=e-smile,dc=ne,dc=jp" code=20 msg=Type or value exists
[2026-01-25 10:51:23] cmp=9 user=566 op=add uid=kobayashi-shouhei dn="uid=kobayashi-shouhei,ou=Users,dc=e-smile,dc=ne,dc=jp" code=20 msg=Type or value exists
[2026-01-25 10:51:23] cmp=9 user=579 op=add uid=kishimoto-ryouya dn="uid=kishimoto-ryouya,ou=Users,dc=e-smile,dc=ne,dc=jp" code=20 msg=Type or value exists
[2026-01-25 10:51:23] cmp=9 user=581 op=add uid=kinoshita-ryouta dn="uid=kinoshita-ryouta,ou=Users,dc=e-smile,dc=ne,dc=jp" code=20 msg=Type or value exists
[2026-01-25 10:51:23] cmp=9 user=582 op=add uid=komatsu-sairi dn="uid=komatsu-sairi,ou=Users,dc=e-smile,dc=ne,dc=jp" code=20 msg=Type or value exists
[2026-01-25 10:51:23] cmp=9 user=588 op=add uid=miyagawa-satsuki dn="uid=miyagawa-satsuki,ou=Users,dc=e-smile,dc=ne,dc=jp" code=20 msg=Type or value exists
[2026-01-25 10:51:23] cmp=9 user=594 op=add uid=kobayashi-takehiro dn="uid=kobayashi-takehiro,ou=Users,dc=e-smile,dc=ne,dc=jp" code=20 msg=Type or value exists
[2026-01-25 10:51:24] cmp=9 user=604 op=add uid=takeuchi-yuuta dn="uid=takeuchi-yuuta,ou=Users,dc=e-smile,dc=ne,dc=jp" code=20 msg=Type or value exists
[2026-01-25 10:51:24] cmp=9 user=608 op=add uid=furukawa-kouki dn="uid=furukawa-kouki,ou=Users,dc=e-smile,dc=ne,dc=jp" code=20 msg=Type or value exists
[2026-01-25 10:51:24] cmp=10 user=130 op=add uid=shimoyama-hikaru dn="uid=shimoyama-hikaru,ou=Users,dc=e-smile,dc=ne,dc=jp" code=20 msg=Type or value exists
[2026-01-25 10:51:24] cmp=10 user=131 op=add uid=asahara-yuuki dn="uid=asahara-yuuki,ou=Users,dc=e-smile,dc=ne,dc=jp" code=20 msg=Type or value exists
[2026-01-25 10:51:24] cmp=10 user=136 op=add uid=morita-taichi dn="uid=morita-taichi,ou=Users,dc=e-smile,dc=ne,dc=jp" code=20 msg=Type or value exists
[2026-01-25 10:51:25] cmp=10 user=179 op=add uid=katsumata-kaede dn="uid=katsumata-kaede,ou=Users,dc=e-smile,dc=ne,dc=jp" code=20 msg=Type or value exists
[2026-01-25 10:51:25] cmp=10 user=195 op=add uid=uehara-kei dn="uid=uehara-kei,ou=Users,dc=e-smile,dc=ne,dc=jp" code=20 msg=Type or value exists
[2026-01-25 10:51:25] cmp=10 user=201 op=add uid=ishii-megumi dn="uid=ishii-megumi,ou=Users,dc=e-smile,dc=ne,dc=jp" code=20 msg=Type or value exists
[2026-01-25 10:51:25] cmp=10 user=225 op=add uid=komamura-ami dn="uid=komamura-ami,ou=Users,dc=e-smile,dc=ne,dc=jp" code=20 msg=Type or value exists
[2026-01-25 10:51:25] cmp=10 user=229 op=add uid=nagao-momoka dn="uid=nagao-momoka,ou=Users,dc=e-smile,dc=ne,dc=jp" code=20 msg=Type or value exists
[2026-01-25 10:51:25] cmp=10 user=233 op=add uid=mori-yuuki dn="uid=mori-yuuki,ou=Users,dc=e-smile,dc=ne,dc=jp" code=20 msg=Type or value exists
[2026-01-25 10:51:26] cmp=10 user=239 op=add uid=munehiro-ayami dn="uid=munehiro-ayami,ou=Users,dc=e-smile,dc=ne,dc=jp" code=20 msg=Type or value exists
[2026-01-25 10:51:26] cmp=10 user=240 op=add uid=baba-yuutarou dn="uid=baba-yuutarou,ou=Users,dc=e-smile,dc=ne,dc=jp" code=20 msg=Type or value exists
[2026-01-25 10:51:26] cmp=10 user=241 op=add uid=shiraeda-tomoki dn="uid=shiraeda-tomoki,ou=Users,dc=e-smile,dc=ne,dc=jp" code=20 msg=Type or value exists
[2026-01-25 10:51:26] cmp=10 user=242 op=add uid=takeda-saaya dn="uid=takeda-saaya,ou=Users,dc=e-smile,dc=ne,dc=jp" code=20 msg=Type or value exists
[2026-01-25 10:51:26] cmp=10 user=243 op=add uid=saitou-masaki dn="uid=saitou-masaki,ou=Users,dc=e-smile,dc=ne,dc=jp" code=20 msg=Type or value exists
[2026-01-25 10:51:26] cmp=10 user=248 op=add uid=fujiwara-naoya dn="uid=fujiwara-naoya,ou=Users,dc=e-smile,dc=ne,dc=jp" code=20 msg=Type or value exists
[2026-01-25 10:51:26] cmp=10 user=269 op=add uid=kuramochi-mitsuki dn="uid=kuramochi-mitsuki,ou=Users,dc=e-smile,dc=ne,dc=jp" code=20 msg=Type or value exists
[2026-01-25 10:51:27] cmp=10 user=282 op=add uid=tsuchiya-yuma dn="uid=tsuchiya-yuma,ou=Users,dc=e-smile,dc=ne,dc=jp" code=20 msg=Type or value exists
[2026-01-25 10:51:27] cmp=12 user=154 op=add uid=matsui-yuuki dn="uid=matsui-yuuki,ou=Users,dc=e-smile,dc=ne,dc=jp" code=20 msg=Type or value exists
[2026-01-25 10:51:27] cmp=12 user=155 op=add uid=imaizumi-takayoshi dn="uid=imaizumi-takayoshi,ou=Users,dc=e-smile,dc=ne,dc=jp" code=20 msg=Type or value exists
[2026-01-25 10:51:27] cmp=12 user=184 op=add uid=umeno-taiki dn="uid=umeno-taiki,ou=Users,dc=e-smile,dc=ne,dc=jp" code=20 msg=Type or value exists
[2026-01-25 10:51:27] cmp=12 user=187 op=add uid=maeda-takahiro dn="uid=maeda-takahiro,ou=Users,dc=e-smile,dc=ne,dc=jp" code=20 msg=Type or value exists
[2026-01-25 10:51:27] cmp=12 user=188 op=add uid=makiyo-shunya dn="uid=makiyo-shunya,ou=Users,dc=e-smile,dc=ne,dc=jp" code=20 msg=Type or value exists
[2026-01-25 10:51:27] cmp=12 user=190 op=add uid=suzuki-reo dn="uid=suzuki-reo,ou=Users,dc=e-smile,dc=ne,dc=jp" code=20 msg=Type or value exists
[2026-01-25 10:51:27] cmp=12 user=191 op=add uid=kuroda-yuuya dn="uid=kuroda-yuuya,ou=Users,dc=e-smile,dc=ne,dc=jp" code=20 msg=Type or value exists
[2026-01-25 10:51:28] cmp=12 user=198 op=add uid=takahashi-shinichi dn="uid=takahashi-shinichi,ou=Users,dc=e-smile,dc=ne,dc=jp" code=20 msg=Type or value exists
[2026-01-25 10:51:28] cmp=12 user=200 op=add uid=ogawa-hikaru dn="uid=ogawa-hikaru,ou=Users,dc=e-smile,dc=ne,dc=jp" code=20 msg=Type or value exists
[2026-01-25 10:51:28] cmp=12 user=204 op=add uid=onodera-kai dn="uid=onodera-kai,ou=Users,dc=e-smile,dc=ne,dc=jp" code=20 msg=Type or value exists
[2026-01-25 10:51:28] cmp=12 user=206 op=add uid=oono-sora dn="uid=oono-sora,ou=Users,dc=e-smile,dc=ne,dc=jp" code=20 msg=Type or value exists
[2026-01-25 10:52:08] cmp=3 user=156 op=add uid=kurabayashi-akira dn="uid=kurabayashi-akira,ou=Users,dc=e-smile,dc=ne,dc=jp" code=20 msg=Type or value exists
[2026-01-25 10:52:08] cmp=3 user=303 op=add uid=katsu-shino dn="uid=katsu-shino,ou=Users,dc=e-smile,dc=ne,dc=jp" code=20 msg=Type or value exists
[2026-01-25 10:52:08] cmp=3 user=321 op=add uid=takebayashi-yumiko dn="uid=takebayashi-yumiko,ou=Users,dc=e-smile,dc=ne,dc=jp" code=20 msg=Type or value exists
[2026-01-25 10:52:08] cmp=3 user=329 op=add uid=yamaguchi-tomohisa dn="uid=yamaguchi-tomohisa,ou=Users,dc=e-smile,dc=ne,dc=jp" code=20 msg=Type or value exists
[2026-01-25 10:52:08] cmp=3 user=330 op=add uid=koyama-hiroki dn="uid=koyama-hiroki,ou=Users,dc=e-smile,dc=ne,dc=jp" code=20 msg=Type or value exists
[2026-01-25 10:52:09] cmp=3 user=412 op=add uid=nakajima-shin dn="uid=nakajima-shin,ou=Users,dc=e-smile,dc=ne,dc=jp" code=20 msg=Type or value exists
[2026-01-25 10:52:09] cmp=5 user=102 op=add uid=sano-yukiharu dn="uid=sano-yukiharu,ou=Users,dc=e-smile,dc=ne,dc=jp" code=20 msg=Type or value exists
[2026-01-25 10:52:09] cmp=5 user=103 op=add uid=yanagisawa-yurika dn="uid=yanagisawa-yurika,ou=Users,dc=e-smile,dc=ne,dc=jp" code=20 msg=Type or value exists
[2026-01-25 10:52:09] cmp=9 user=104 op=add uid=suzuki-daisuke dn="uid=suzuki-daisuke,ou=Users,dc=e-smile,dc=ne,dc=jp" code=20 msg=Type or value exists
[2026-01-25 10:52:09] cmp=9 user=306 op=add uid=takeda-nobutaka dn="uid=takeda-nobutaka,ou=Users,dc=e-smile,dc=ne,dc=jp" code=20 msg=Type or value exists
[2026-01-25 10:52:09] cmp=9 user=340 op=add uid=yamagishi-hiroaki dn="uid=yamagishi-hiroaki,ou=Users,dc=e-smile,dc=ne,dc=jp" code=20 msg=Type or value exists
[2026-01-25 10:52:10] cmp=9 user=556 op=add uid=fujimoto-asami dn="uid=fujimoto-asami,ou=Users,dc=e-smile,dc=ne,dc=jp" code=20 msg=Type or value exists
[2026-01-25 10:52:10] cmp=9 user=562 op=add uid=taniguchi-kazuki dn="uid=taniguchi-kazuki,ou=Users,dc=e-smile,dc=ne,dc=jp" code=20 msg=Type or value exists
[2026-01-25 10:52:10] cmp=9 user=566 op=add uid=kobayashi-shouhei dn="uid=kobayashi-shouhei,ou=Users,dc=e-smile,dc=ne,dc=jp" code=20 msg=Type or value exists
[2026-01-25 10:52:11] cmp=9 user=579 op=add uid=kishimoto-ryouya dn="uid=kishimoto-ryouya,ou=Users,dc=e-smile,dc=ne,dc=jp" code=20 msg=Type or value exists
[2026-01-25 10:52:11] cmp=9 user=581 op=add uid=kinoshita-ryouta dn="uid=kinoshita-ryouta,ou=Users,dc=e-smile,dc=ne,dc=jp" code=20 msg=Type or value exists
[2026-01-25 10:52:11] cmp=9 user=582 op=add uid=komatsu-sairi dn="uid=komatsu-sairi,ou=Users,dc=e-smile,dc=ne,dc=jp" code=20 msg=Type or value exists
[2026-01-25 10:52:11] cmp=9 user=588 op=add uid=miyagawa-satsuki dn="uid=miyagawa-satsuki,ou=Users,dc=e-smile,dc=ne,dc=jp" code=20 msg=Type or value exists
[2026-01-25 10:52:11] cmp=9 user=594 op=add uid=kobayashi-takehiro dn="uid=kobayashi-takehiro,ou=Users,dc=e-smile,dc=ne,dc=jp" code=20 msg=Type or value exists
[2026-01-25 10:52:11] cmp=9 user=604 op=add uid=takeuchi-yuuta dn="uid=takeuchi-yuuta,ou=Users,dc=e-smile,dc=ne,dc=jp" code=20 msg=Type or value exists
[2026-01-25 10:52:11] cmp=9 user=608 op=add uid=furukawa-kouki dn="uid=furukawa-kouki,ou=Users,dc=e-smile,dc=ne,dc=jp" code=20 msg=Type or value exists
[2026-01-25 10:52:12] cmp=10 user=130 op=add uid=shimoyama-hikaru dn="uid=shimoyama-hikaru,ou=Users,dc=e-smile,dc=ne,dc=jp" code=20 msg=Type or value exists
[2026-01-25 10:52:12] cmp=10 user=131 op=add uid=asahara-yuuki dn="uid=asahara-yuuki,ou=Users,dc=e-smile,dc=ne,dc=jp" code=20 msg=Type or value exists
[2026-01-25 10:52:12] cmp=10 user=136 op=add uid=morita-taichi dn="uid=morita-taichi,ou=Users,dc=e-smile,dc=ne,dc=jp" code=20 msg=Type or value exists
[2026-01-25 10:52:12] cmp=10 user=179 op=add uid=katsumata-kaede dn="uid=katsumata-kaede,ou=Users,dc=e-smile,dc=ne,dc=jp" code=20 msg=Type or value exists
[2026-01-25 10:52:13] cmp=10 user=195 op=add uid=uehara-kei dn="uid=uehara-kei,ou=Users,dc=e-smile,dc=ne,dc=jp" code=20 msg=Type or value exists
[2026-01-25 10:52:13] cmp=10 user=201 op=add uid=ishii-megumi dn="uid=ishii-megumi,ou=Users,dc=e-smile,dc=ne,dc=jp" code=20 msg=Type or value exists
[2026-01-25 10:52:13] cmp=10 user=225 op=add uid=komamura-ami dn="uid=komamura-ami,ou=Users,dc=e-smile,dc=ne,dc=jp" code=20 msg=Type or value exists
[2026-01-25 10:52:13] cmp=10 user=229 op=add uid=nagao-momoka dn="uid=nagao-momoka,ou=Users,dc=e-smile,dc=ne,dc=jp" code=20 msg=Type or value exists
[2026-01-25 10:52:13] cmp=10 user=233 op=add uid=mori-yuuki dn="uid=mori-yuuki,ou=Users,dc=e-smile,dc=ne,dc=jp" code=20 msg=Type or value exists
[2026-01-25 10:52:13] cmp=10 user=239 op=add uid=munehiro-ayami dn="uid=munehiro-ayami,ou=Users,dc=e-smile,dc=ne,dc=jp" code=20 msg=Type or value exists
[2026-01-25 10:52:13] cmp=10 user=240 op=add uid=baba-yuutarou dn="uid=baba-yuutarou,ou=Users,dc=e-smile,dc=ne,dc=jp" code=20 msg=Type or value exists
[2026-01-25 10:52:13] cmp=10 user=241 op=add uid=shiraeda-tomoki dn="uid=shiraeda-tomoki,ou=Users,dc=e-smile,dc=ne,dc=jp" code=20 msg=Type or value exists
[2026-01-25 10:52:13] cmp=10 user=242 op=add uid=takeda-saaya dn="uid=takeda-saaya,ou=Users,dc=e-smile,dc=ne,dc=jp" code=20 msg=Type or value exists
[2026-01-25 10:52:13] cmp=10 user=243 op=add uid=saitou-masaki dn="uid=saitou-masaki,ou=Users,dc=e-smile,dc=ne,dc=jp" code=20 msg=Type or value exists
[2026-01-25 10:52:13] cmp=10 user=248 op=add uid=fujiwara-naoya dn="uid=fujiwara-naoya,ou=Users,dc=e-smile,dc=ne,dc=jp" code=20 msg=Type or value exists
[2026-01-25 10:52:14] cmp=10 user=269 op=add uid=kuramochi-mitsuki dn="uid=kuramochi-mitsuki,ou=Users,dc=e-smile,dc=ne,dc=jp" code=20 msg=Type or value exists
[2026-01-25 10:52:14] cmp=10 user=282 op=add uid=tsuchiya-yuma dn="uid=tsuchiya-yuma,ou=Users,dc=e-smile,dc=ne,dc=jp" code=20 msg=Type or value exists
[2026-01-25 10:52:15] cmp=12 user=154 op=add uid=matsui-yuuki dn="uid=matsui-yuuki,ou=Users,dc=e-smile,dc=ne,dc=jp" code=20 msg=Type or value exists
[2026-01-25 10:52:15] cmp=12 user=155 op=add uid=imaizumi-takayoshi dn="uid=imaizumi-takayoshi,ou=Users,dc=e-smile,dc=ne,dc=jp" code=20 msg=Type or value exists
[2026-01-25 10:52:15] cmp=12 user=184 op=add uid=umeno-taiki dn="uid=umeno-taiki,ou=Users,dc=e-smile,dc=ne,dc=jp" code=20 msg=Type or value exists
[2026-01-25 10:52:15] cmp=12 user=187 op=add uid=maeda-takahiro dn="uid=maeda-takahiro,ou=Users,dc=e-smile,dc=ne,dc=jp" code=20 msg=Type or value exists
[2026-01-25 10:52:15] cmp=12 user=188 op=add uid=makiyo-shunya dn="uid=makiyo-shunya,ou=Users,dc=e-smile,dc=ne,dc=jp" code=20 msg=Type or value exists
[2026-01-25 10:52:15] cmp=12 user=190 op=add uid=suzuki-reo dn="uid=suzuki-reo,ou=Users,dc=e-smile,dc=ne,dc=jp" code=20 msg=Type or value exists
[2026-01-25 10:52:15] cmp=12 user=191 op=add uid=kuroda-yuuya dn="uid=kuroda-yuuya,ou=Users,dc=e-smile,dc=ne,dc=jp" code=20 msg=Type or value exists
[2026-01-25 10:52:15] cmp=12 user=198 op=add uid=takahashi-shinichi dn="uid=takahashi-shinichi,ou=Users,dc=e-smile,dc=ne,dc=jp" code=20 msg=Type or value exists
[2026-01-25 10:52:15] cmp=12 user=200 op=add uid=ogawa-hikaru dn="uid=ogawa-hikaru,ou=Users,dc=e-smile,dc=ne,dc=jp" code=20 msg=Type or value exists
[2026-01-25 10:52:15] cmp=12 user=204 op=add uid=onodera-kai dn="uid=onodera-kai,ou=Users,dc=e-smile,dc=ne,dc=jp" code=20 msg=Type or value exists
[2026-01-25 10:52:16] cmp=12 user=206 op=add uid=oono-sora dn="uid=oono-sora,ou=Users,dc=e-smile,dc=ne,dc=jp" code=20 msg=Type or value exists
[2026-01-25 10:53:02] cmp=3 user=156 op=add uid=kurabayashi-akira dn="uid=kurabayashi-akira,ou=Users,dc=e-smile,dc=ne,dc=jp" code=20 msg=Type or value exists
[2026-01-25 10:53:03] cmp=3 user=303 op=add uid=katsu-shino dn="uid=katsu-shino,ou=Users,dc=e-smile,dc=ne,dc=jp" code=20 msg=Type or value exists
[2026-01-25 10:53:03] cmp=3 user=321 op=add uid=takebayashi-yumiko dn="uid=takebayashi-yumiko,ou=Users,dc=e-smile,dc=ne,dc=jp" code=20 msg=Type or value exists
[2026-01-25 10:53:03] cmp=3 user=329 op=add uid=yamaguchi-tomohisa dn="uid=yamaguchi-tomohisa,ou=Users,dc=e-smile,dc=ne,dc=jp" code=20 msg=Type or value exists
[2026-01-25 10:53:03] cmp=3 user=330 op=add uid=koyama-hiroki dn="uid=koyama-hiroki,ou=Users,dc=e-smile,dc=ne,dc=jp" code=20 msg=Type or value exists
[2026-01-25 10:53:03] cmp=3 user=412 op=add uid=nakajima-shin dn="uid=nakajima-shin,ou=Users,dc=e-smile,dc=ne,dc=jp" code=20 msg=Type or value exists
[2026-01-25 10:53:03] cmp=5 user=102 op=add uid=sano-yukiharu dn="uid=sano-yukiharu,ou=Users,dc=e-smile,dc=ne,dc=jp" code=20 msg=Type or value exists
[2026-01-25 10:53:03] cmp=5 user=103 op=add uid=yanagisawa-yurika dn="uid=yanagisawa-yurika,ou=Users,dc=e-smile,dc=ne,dc=jp" code=20 msg=Type or value exists
[2026-01-25 10:53:03] cmp=9 user=104 op=add uid=suzuki-daisuke dn="uid=suzuki-daisuke,ou=Users,dc=e-smile,dc=ne,dc=jp" code=20 msg=Type or value exists
[2026-01-25 10:53:04] cmp=9 user=306 op=add uid=takeda-nobutaka dn="uid=takeda-nobutaka,ou=Users,dc=e-smile,dc=ne,dc=jp" code=20 msg=Type or value exists
[2026-01-25 10:53:04] cmp=9 user=340 op=add uid=yamagishi-hiroaki dn="uid=yamagishi-hiroaki,ou=Users,dc=e-smile,dc=ne,dc=jp" code=20 msg=Type or value exists
[2026-01-25 10:53:05] cmp=9 user=556 op=add uid=fujimoto-asami dn="uid=fujimoto-asami,ou=Users,dc=e-smile,dc=ne,dc=jp" code=20 msg=Type or value exists
[2026-01-25 10:53:05] cmp=9 user=562 op=add uid=taniguchi-kazuki dn="uid=taniguchi-kazuki,ou=Users,dc=e-smile,dc=ne,dc=jp" code=20 msg=Type or value exists
[2026-01-25 10:53:05] cmp=9 user=566 op=add uid=kobayashi-shouhei dn="uid=kobayashi-shouhei,ou=Users,dc=e-smile,dc=ne,dc=jp" code=20 msg=Type or value exists
[2026-01-25 10:53:05] cmp=9 user=579 op=add uid=kishimoto-ryouya dn="uid=kishimoto-ryouya,ou=Users,dc=e-smile,dc=ne,dc=jp" code=20 msg=Type or value exists
[2026-01-25 10:53:05] cmp=9 user=581 op=add uid=kinoshita-ryouta dn="uid=kinoshita-ryouta,ou=Users,dc=e-smile,dc=ne,dc=jp" code=20 msg=Type or value exists
[2026-01-25 10:53:05] cmp=9 user=582 op=add uid=komatsu-sairi dn="uid=komatsu-sairi,ou=Users,dc=e-smile,dc=ne,dc=jp" code=20 msg=Type or value exists
[2026-01-25 10:53:05] cmp=9 user=588 op=add uid=miyagawa-satsuki dn="uid=miyagawa-satsuki,ou=Users,dc=e-smile,dc=ne,dc=jp" code=20 msg=Type or value exists
[2026-01-25 10:53:05] cmp=9 user=594 op=add uid=kobayashi-takehiro dn="uid=kobayashi-takehiro,ou=Users,dc=e-smile,dc=ne,dc=jp" code=20 msg=Type or value exists
[2026-01-25 10:53:06] cmp=9 user=604 op=add uid=takeuchi-yuuta dn="uid=takeuchi-yuuta,ou=Users,dc=e-smile,dc=ne,dc=jp" code=20 msg=Type or value exists
[2026-01-25 10:53:06] cmp=9 user=608 op=add uid=furukawa-kouki dn="uid=furukawa-kouki,ou=Users,dc=e-smile,dc=ne,dc=jp" code=20 msg=Type or value exists
[2026-01-25 10:53:06] cmp=10 user=130 op=add uid=shimoyama-hikaru dn="uid=shimoyama-hikaru,ou=Users,dc=e-smile,dc=ne,dc=jp" code=20 msg=Type or value exists
[2026-01-25 10:53:06] cmp=10 user=131 op=add uid=asahara-yuuki dn="uid=asahara-yuuki,ou=Users,dc=e-smile,dc=ne,dc=jp" code=20 msg=Type or value exists
[2026-01-25 10:53:06] cmp=10 user=136 op=add uid=morita-taichi dn="uid=morita-taichi,ou=Users,dc=e-smile,dc=ne,dc=jp" code=20 msg=Type or value exists
[2026-01-25 10:53:07] cmp=10 user=179 op=add uid=katsumata-kaede dn="uid=katsumata-kaede,ou=Users,dc=e-smile,dc=ne,dc=jp" code=20 msg=Type or value exists
[2026-01-25 10:53:07] cmp=10 user=195 op=add uid=uehara-kei dn="uid=uehara-kei,ou=Users,dc=e-smile,dc=ne,dc=jp" code=20 msg=Type or value exists
[2026-01-25 10:53:07] cmp=10 user=201 op=add uid=ishii-megumi dn="uid=ishii-megumi,ou=Users,dc=e-smile,dc=ne,dc=jp" code=20 msg=Type or value exists
[2026-01-25 10:53:07] cmp=10 user=225 op=add uid=komamura-ami dn="uid=komamura-ami,ou=Users,dc=e-smile,dc=ne,dc=jp" code=20 msg=Type or value exists
[2026-01-25 10:53:07] cmp=10 user=229 op=add uid=nagao-momoka dn="uid=nagao-momoka,ou=Users,dc=e-smile,dc=ne,dc=jp" code=20 msg=Type or value exists
[2026-01-25 10:53:07] cmp=10 user=233 op=add uid=mori-yuuki dn="uid=mori-yuuki,ou=Users,dc=e-smile,dc=ne,dc=jp" code=20 msg=Type or value exists
[2026-01-25 10:53:08] cmp=10 user=239 op=add uid=munehiro-ayami dn="uid=munehiro-ayami,ou=Users,dc=e-smile,dc=ne,dc=jp" code=20 msg=Type or value exists
[2026-01-25 10:53:08] cmp=10 user=240 op=add uid=baba-yuutarou dn="uid=baba-yuutarou,ou=Users,dc=e-smile,dc=ne,dc=jp" code=20 msg=Type or value exists
[2026-01-25 10:53:08] cmp=10 user=241 op=add uid=shiraeda-tomoki dn="uid=shiraeda-tomoki,ou=Users,dc=e-smile,dc=ne,dc=jp" code=20 msg=Type or value exists
[2026-01-25 10:53:08] cmp=10 user=242 op=add uid=takeda-saaya dn="uid=takeda-saaya,ou=Users,dc=e-smile,dc=ne,dc=jp" code=20 msg=Type or value exists
[2026-01-25 10:53:08] cmp=10 user=243 op=add uid=saitou-masaki dn="uid=saitou-masaki,ou=Users,dc=e-smile,dc=ne,dc=jp" code=20 msg=Type or value exists
[2026-01-25 10:53:08] cmp=10 user=248 op=add uid=fujiwara-naoya dn="uid=fujiwara-naoya,ou=Users,dc=e-smile,dc=ne,dc=jp" code=20 msg=Type or value exists
[2026-01-25 10:53:08] cmp=10 user=269 op=add uid=kuramochi-mitsuki dn="uid=kuramochi-mitsuki,ou=Users,dc=e-smile,dc=ne,dc=jp" code=20 msg=Type or value exists
[2026-01-25 10:53:09] cmp=10 user=282 op=add uid=tsuchiya-yuma dn="uid=tsuchiya-yuma,ou=Users,dc=e-smile,dc=ne,dc=jp" code=20 msg=Type or value exists
[2026-01-25 10:53:09] cmp=12 user=154 op=add uid=matsui-yuuki dn="uid=matsui-yuuki,ou=Users,dc=e-smile,dc=ne,dc=jp" code=20 msg=Type or value exists
[2026-01-25 10:53:09] cmp=12 user=155 op=add uid=imaizumi-takayoshi dn="uid=imaizumi-takayoshi,ou=Users,dc=e-smile,dc=ne,dc=jp" code=20 msg=Type or value exists
[2026-01-25 10:53:09] cmp=12 user=184 op=add uid=umeno-taiki dn="uid=umeno-taiki,ou=Users,dc=e-smile,dc=ne,dc=jp" code=20 msg=Type or value exists
[2026-01-25 10:53:09] cmp=12 user=187 op=add uid=maeda-takahiro dn="uid=maeda-takahiro,ou=Users,dc=e-smile,dc=ne,dc=jp" code=20 msg=Type or value exists
[2026-01-25 10:53:09] cmp=12 user=188 op=add uid=makiyo-shunya dn="uid=makiyo-shunya,ou=Users,dc=e-smile,dc=ne,dc=jp" code=20 msg=Type or value exists
[2026-01-25 10:53:09] cmp=12 user=190 op=add uid=suzuki-reo dn="uid=suzuki-reo,ou=Users,dc=e-smile,dc=ne,dc=jp" code=20 msg=Type or value exists
[2026-01-25 10:53:09] cmp=12 user=191 op=add uid=kuroda-yuuya dn="uid=kuroda-yuuya,ou=Users,dc=e-smile,dc=ne,dc=jp" code=20 msg=Type or value exists
[2026-01-25 10:53:10] cmp=12 user=198 op=add uid=takahashi-shinichi dn="uid=takahashi-shinichi,ou=Users,dc=e-smile,dc=ne,dc=jp" code=20 msg=Type or value exists
[2026-01-25 10:53:10] cmp=12 user=200 op=add uid=ogawa-hikaru dn="uid=ogawa-hikaru,ou=Users,dc=e-smile,dc=ne,dc=jp" code=20 msg=Type or value exists
[2026-01-25 10:53:10] cmp=12 user=204 op=add uid=onodera-kai dn="uid=onodera-kai,ou=Users,dc=e-smile,dc=ne,dc=jp" code=20 msg=Type or value exists
[2026-01-25 10:53:10] cmp=12 user=206 op=add uid=oono-sora dn="uid=oono-sora,ou=Users,dc=e-smile,dc=ne,dc=jp" code=20 msg=Type or value exists
[2026-01-25 11:33:03] cmp=10 user=282 op=add uid=tsuchiya-yuma dn="uid=tsuchiya-yuma,ou=Users,dc=e-smile,dc=ne,dc=jp" code=20 msg=Type or value exists
[2026-01-25 11:54:08] cmp=10 user=282 op=add uid=tsuchiya-yuma dn="uid=tsuchiya-yuma,ou=Users,dc=e-smile,dc=ne,dc=jp" code=20 msg=Type or value exists
[2026-01-25 11:54:35] cmp=10 user=282 op=add uid=tsuchiya-yuma dn="uid=tsuchiya-yuma,ou=Users,dc=e-smile,dc=ne,dc=jp" code=20 msg=Type or value exists
[2026-01-25 11:58:02] cmp=10 user=282 op=add uid=tsuchiya-yuma dn="uid=tsuchiya-yuma,ou=Users,dc=e-smile,dc=ne,dc=jp" code=20 msg=Type or value exists
[2026-03-23 11:50:27] cmp=12 user=213 reason=missing_kana
[2026-03-23 11:56:16] cmp=12 user=213 reason=missing_kana
[2026-05-15 06:00:08] cmp=12 user=214 reason=missing_kana
[2026-05-15 06:00:08] cmp=12 user=215 reason=missing_kana
[2026-05-15 06:00:22] cmp=12 user=214 reason=missing_kana
[2026-05-15 06:00:22] cmp=12 user=215 reason=missing_kana
[2026-05-16 06:00:09] cmp=12 user=214 reason=missing_kana
[2026-05-16 06:00:09] cmp=12 user=215 reason=missing_kana
[2026-05-16 06:00:23] cmp=12 user=214 reason=missing_kana
[2026-05-16 06:00:23] cmp=12 user=215 reason=missing_kana
[2026-05-17 06:00:09] cmp=12 user=214 reason=missing_kana
[2026-05-17 06:00:09] cmp=12 user=215 reason=missing_kana
[2026-05-17 06:00:23] cmp=12 user=214 reason=missing_kana
[2026-05-17 06:00:23] cmp=12 user=215 reason=missing_kana
[2026-05-18 06:00:08] cmp=12 user=214 reason=missing_kana
[2026-05-18 06:00:08] cmp=12 user=215 reason=missing_kana
[2026-05-18 06:00:23] cmp=12 user=214 reason=missing_kana
[2026-05-18 06:00:23] cmp=12 user=215 reason=missing_kana
